
> my-app@1.0.0 test
> jest

PASS store/use-app-store.test.tsx
PASS components/__tests__/get-remote-cams-data.test.ts
  ÔùÅ Console

    console.error
      Error fetching webcams API: Error: Network failure
          at Object.<anonymous> (C:\Users\Yago\WebstormProjects\expo-android-project-3\components\__tests__\get-remote-cams-data.test.ts:79:43)
          at Generator.next (<anonymous>)
          at asyncGeneratorStep (C:\Users\Yago\WebstormProjects\expo-android-project-3\node_modules\@babel\runtime\helpers\asyncToGenerator.js:3:17)
          at _next (C:\Users\Yago\WebstormProjects\expo-android-project-3\node_modules\@babel\runtime\helpers\asyncToGenerator.js:17:9)
          at C:\Users\Yago\WebstormProjects\expo-android-project-3\node_modules\@babel\runtime\helpers\asyncToGenerator.js:22:7
          at new Promise (<anonymous>)
          at Object.<anonymous> (C:\Users\Yago\WebstormProjects\expo-android-project-3\node_modules\@babel\runtime\helpers\asyncToGenerator.js:14:12)
          at Promise.then.completed (C:\Users\Yago\WebstormProjects\expo-android-project-3\node_modules\jest-circus\build\utils.js:298:28)
          at new Promise (<anonymous>)
          at callAsyncCircusFn (C:\Users\Yago\WebstormProjects\expo-android-project-3\node_modules\jest-circus\build\utils.js:231:10)
          at _callCircusTest (C:\Users\Yago\WebstormProjects\expo-android-project-3\node_modules\jest-circus\build\run.js:316:40)
          at processTicksAndRejections (node:internal/process/task_queues:105:5)
          at _runTest (C:\Users\Yago\WebstormProjects\expo-android-project-3\node_modules\jest-circus\build\run.js:252:3)
          at _runTestsForDescribeBlock (C:\Users\Yago\WebstormProjects\expo-android-project-3\node_modules\jest-circus\build\run.js:126:9)
          at _runTestsForDescribeBlock (C:\Users\Yago\WebstormProjects\expo-android-project-3\node_modules\jest-circus\build\run.js:121:9)
          at run (C:\Users\Yago\WebstormProjects\expo-android-project-3\node_modules\jest-circus\build\run.js:71:3)
          at runAndTransformResultsToJestFormat (C:\Users\Yago\WebstormProjects\expo-android-project-3\node_modules\jest-circus\build\legacy-code-todo-rewrite\jestAdapterInit.js:122:21)
          at jestAdapter (C:\Users\Yago\WebstormProjects\expo-android-project-3\node_modules\jest-circus\build\legacy-code-todo-rewrite\jestAdapter.js:79:19)
          at runTestInternal (C:\Users\Yago\WebstormProjects\expo-android-project-3\node_modules\jest-runner\build\runTest.js:367:16)
          at runTest (C:\Users\Yago\WebstormProjects\expo-android-project-3\node_modules\jest-runner\build\runTest.js:444:34)
          at Object.worker (C:\Users\Yago\WebstormProjects\expo-android-project-3\node_modules\jest-runner\build\testWorker.js:106:12)

      100 |
      101 |   } catch (error) {
    > 102 |     console.error('Error fetching webcams API:', error);
          |             ^
      103 |     return Response.json({ error: 'Internal Server Error' }, { status: 500 });
      104 |   }
      105 | }

      at error (app/api/get-remote-cams-data+api.ts:102:13)
          at Generator.throw (<anonymous>)
      at asyncGeneratorStep (node_modules/@babel/runtime/helpers/asyncToGenerator.js:3:17)
      at _throw (node_modules/@babel/runtime/helpers/asyncToGenerator.js:20:9)

FAIL components/__tests__/custom-drawer-content.test.tsx
  ÔùÅ CustomDrawerContent ÔÇ║ renders correctly

    ReferenceError: render is not defined

      14 |     };
      15 |
    > 16 |     render(<CustomDrawerContent navigation={mockNavigation} />);
         |     ^
      17 |     // Just verifying it renders without crashing since we mocked the inner components
      18 |   });
      19 | });

      at Object.render (components/__tests__/custom-drawer-content.test.tsx:16:5)

PASS lib/JsonCamsRepository.test.ts
PASS components/__tests__/custom-drawer-header.test.tsx (5.007 s)
PASS components/__tests__/filters-modal.test.tsx (5.217 s)
PASS components/ui/__tests__/select-box.test.tsx (5.246 s)
PASS components/__tests__/cam-list-screen.test.tsx (5.539 s)
  ÔùÅ Console

    console.error
      An update to Icon inside a test was not wrapped in act(...).
      
      When testing, code that causes React state updates should be wrapped into act(...):
      
      act(() => {
        /* fire events that update state */
      });
      /* assert on the output */
      
      This ensures that you're testing the behavior the user would see in the browser. Learn more at https://react.dev/link/wrap-tests-with-act

      at node_modules/react-test-renderer/cjs/react-test-renderer.development.js:11801:19
      at runWithFiberInDEV (node_modules/react-test-renderer/cjs/react-test-renderer.development.js:1574:13)
      at warnIfUpdatesNotWrappedWithActDEV (node_modules/react-test-renderer/cjs/react-test-renderer.development.js:11800:9)
      at scheduleUpdateOnFiber (node_modules/react-test-renderer/cjs/react-test-renderer.development.js:10326:9)
      at Object.enqueueSetState (node_modules/react-test-renderer/cjs/react-test-renderer.development.js:14179:14)
      at Icon.Object.<anonymous>.process.env.NODE_ENV.Component.setState (node_modules/react/cjs/react.development.js:632:20)
      at Icon.setState (node_modules/@expo/vector-icons/src/createIconSet.tsx:181:31)
      at asyncGeneratorStep (node_modules/@babel/runtime/helpers/asyncToGenerator.js:3:17)
      at _next (node_modules/@babel/runtime/helpers/asyncToGenerator.js:17:9)

    console.error
      An update to Icon inside a test was not wrapped in act(...).
      
      When testing, code that causes React state updates should be wrapped into act(...):
      
      act(() => {
        /* fire events that update state */
      });
      /* assert on the output */
      
      This ensures that you're testing the behavior the user would see in the browser. Learn more at https://react.dev/link/wrap-tests-with-act

      at node_modules/react-test-renderer/cjs/react-test-renderer.development.js:11801:19
      at runWithFiberInDEV (node_modules/react-test-renderer/cjs/react-test-renderer.development.js:1574:13)
      at warnIfUpdatesNotWrappedWithActDEV (node_modules/react-test-renderer/cjs/react-test-renderer.development.js:11800:9)
      at scheduleUpdateOnFiber (node_modules/react-test-renderer/cjs/react-test-renderer.development.js:10326:9)
      at Object.enqueueSetState (node_modules/react-test-renderer/cjs/react-test-renderer.development.js:14179:14)
      at Icon.Object.<anonymous>.process.env.NODE_ENV.Component.setState (node_modules/react/cjs/react.development.js:632:20)
      at Icon.setState (node_modules/@expo/vector-icons/src/createIconSet.tsx:181:31)
      at asyncGeneratorStep (node_modules/@babel/runtime/helpers/asyncToGenerator.js:3:17)
      at _next (node_modules/@babel/runtime/helpers/asyncToGenerator.js:17:9)

    console.error
      An update to Icon inside a test was not wrapped in act(...).
      
      When testing, code that causes React state updates should be wrapped into act(...):
      
      act(() => {
        /* fire events that update state */
      });
      /* assert on the output */
      
      This ensures that you're testing the behavior the user would see in the browser. Learn more at https://react.dev/link/wrap-tests-with-act

      at node_modules/react-test-renderer/cjs/react-test-renderer.development.js:11801:19
      at runWithFiberInDEV (node_modules/react-test-renderer/cjs/react-test-renderer.development.js:1574:13)
      at warnIfUpdatesNotWrappedWithActDEV (node_modules/react-test-renderer/cjs/react-test-renderer.development.js:11800:9)
      at scheduleUpdateOnFiber (node_modules/react-test-renderer/cjs/react-test-renderer.development.js:10326:9)
      at Object.enqueueSetState (node_modules/react-test-renderer/cjs/react-test-renderer.development.js:14179:14)
      at Icon.Object.<anonymous>.process.env.NODE_ENV.Component.setState (node_modules/react/cjs/react.development.js:632:20)
      at Icon.setState (node_modules/@expo/vector-icons/src/createIconSet.tsx:181:31)
      at asyncGeneratorStep (node_modules/@babel/runtime/helpers/asyncToGenerator.js:3:17)
      at _next (node_modules/@babel/runtime/helpers/asyncToGenerator.js:17:9)


Test Suites: 1 failed, 7 passed, 8 total
Tests:       1 failed, 22 passed, 23 total
Snapshots:   0 total
Time:        7.17 s, estimated 8 s
Ran all test suites.
